
  x You can not use getStaticProps or getStaticPaths with getServerSideProps. To use SSG, please remove getServerSideProps
   ,-[input.js:3:1]
 3 | export const getServerSideProps = function getServerSideProps() {}
   :              ^^^^^^^^^^^^^^^^^^
   `----
