
  x Expected a single child of type JSXExpressionContainer under JSX Style tag.
  | Read more: https://nextjs.org/docs/messages/invalid-styled-jsx-children
   ,-[input.js:4:5]
 4 | ,-> <style jsx>
 5 | |         10
 6 | `->     </style>
   `----
