
  x Did you mean "use server"? "use servers" is not a supported directive name.
   ,-[input.js:1:1]
 1 | 'use servers'
   : ^^^^^^^^^^^^
   `----
