
  x Expected a template literal, string or identifier inside the JSXExpressionContainer.
  | Read more: https://nextjs.org/docs/messages/invalid-styled-jsx-children
   ,-[input.js:4:5]
 4 | ,-> <style jsx>
 5 | |         {[]}
 6 | `->     </style>
   `----
