
  x next/dynamic only accepts 2 arguments
   ,-[input.js:4:1]
 4 | const DynamicComponentWithCustomLoading = dynamic(
   :                                           ^^^^^^^
   `----
