
  x NEXT_RSC_ERR_CLIENT_DIRECTIVE
   ,-[input.js:4:1]
 4 | 
 5 | 'use client'
   : ^^^^^^^^^^^^
   `----
