  x A Node.js module is loaded ('node:fs' at line 1) which is not supported in the Edge Runtime.
  | Learn More: https://nextjs.org/docs/messages/node-module-in-edge-runtime
   ,-[input.js:1:1]
 1 | import 'node:fs'
   : ^^^^^^^^^^^^^^^^
   `----
