
  x next/dynamic requires at least one argument
   ,-[input.js:4:1]
 4 | const DynamicComponent = dynamic()
   :                          ^^^^^^^
   `----
