
  x Expected one child under JSX style tag, but got 2.
  | Read more: https://nextjs.org/docs/messages/invalid-styled-jsx-children
   ,-[input.js:4:5]
 4 | ,-> <style jsx>
 5 | |         {`.p {}`}
 6 | |         {`.p {}`}
 7 | `->     </style>
   `----
