// Jest Snapshot v1, https://goo.gl/fbAQLP

exports[`ReactRefreshLogBox scss scss module pure selector error 1`] = `
"./index.module.scss:1:1
Syntax error: Selector "button" is not pure (pure selectors must contain at least one local class or id)

> 1 | button { font-size: 5px; }
    |                          ^"
`;

exports[`ReactRefreshLogBox scss scss syntax errors 1`] = `
"./index.module.scss
SassError: Expected expression.
  ╷
1 │ .button { font-size: :5px; }
  │                      ^
  ╵
  index.module.scss 1:22  root stylesheet

Import trace for requested module:
./index.module.scss
./index.js
./pages/index.js"
`;
